TAP version 13
# Subtest: session request uses the public route, validates identity and keeps credentials out of URLs
ok 1 - session request uses the public route, validates identity and keeps credentials out of URLs
  ---
  duration_ms: 43.870922
  type: 'test'
  ...
# Subtest: invalid success bodies are rejected instead of becoming empty successful pages
ok 2 - invalid success bodies are rejected instead of becoming empty successful pages
  ---
  duration_ms: 12.707042
  type: 'test'
  ...
# Subtest: 401 invalidates identity even when the response is HTML
ok 3 - 401 invalidates identity even when the response is HTML
  ---
  duration_ms: 6.702741
  type: 'test'
  ...
# Subtest: preserves conflict category, correlation and retry policy from the backend
ok 4 - preserves conflict category, correlation and retry policy from the backend
  ---
  duration_ms: 6.89313
  type: 'test'
  ...
# Subtest: requests time out and explicit navigation cancellation remains distinguishable
ok 5 - requests time out and explicit navigation cancellation remains distinguishable
  ---
  duration_ms: 24.989496
  type: 'test'
  ...
# Subtest: API configuration accepts public origins and rejects embedded credentials or redirects
ok 6 - API configuration accepts public origins and rejects embedded credentials or redirects
  ---
  duration_ms: 0.6858
  type: 'test'
  ...
# Subtest: password login issues an opaque HttpOnly cookie and restores the same read-only identity
ok 7 - password login issues an opaque HttpOnly cookie and restores the same read-only identity
  ---
  duration_ms: 203.479099
  type: 'test'
  ...
# Subtest: incorrect and unknown accounts get the same 401 and no authenticated cookie
ok 8 - incorrect and unknown accounts get the same 401 and no authenticated cookie
  ---
  duration_ms: 121.382464
  type: 'test'
  ...
# Subtest: logout revokes the server session and expires the browser cookie
ok 9 - logout revokes the server session and expires the browser cookie
  ---
  duration_ms: 65.436456
  type: 'test'
  ...
# Subtest: CSRF, forbidden origins and caller-supplied permissions are rejected
ok 10 - CSRF, forbidden origins and caller-supplied permissions are rejected
  ---
  duration_ms: 62.124172
  type: 'test'
  ...
# Subtest: sessions expire after eight hours and login attempts have a finite budget
ok 11 - sessions expire after eight hours and login attempts have a finite budget
  ---
  duration_ms: 577.236824
  type: 'test'
  ...
# Subtest: existing Worker Bearer authentication still works independently of console cookies
ok 12 - existing Worker Bearer authentication still works independently of console cookies
  ---
  duration_ms: 18.472307
  type: 'test'
  ...
# 2026-09-24T03:45:29.675Z [WARN] Activity failed {
#   sdkComponent: 'worker',
#   isLocal: false,
#   attempt: 1,
#   namespace: 'test',
#   taskToken: 'dGVzdA==',
#   activityId: 'test',
#   activityType: 'unknown',
#   taskQueue: 'test',
#   workflowId: 'test',
#   workflowRunId: '00000000-0000-0000-0000-000000000000',
#   workflowType: 'test',
#   error: ApplicationFailure: Execution SUBMISSION: STALE_EXECUTION
#       at Function.create (/home/ubuntu/workspace/crawlsystem-business/node_modules/@temporalio/common/src/failure.ts:228:12)
#       at activity (/home/ubuntu/workspace/crawlsystem-business/apps/execution-worker/src/activities.ts:50:32)
#       at async Activity.execute (/home/ubuntu/workspace/crawlsystem-business/node_modules/@temporalio/worker/src/activity.ts:145:14)
#       at async waitForActual (node:assert:644:5)
#       at async Function.rejects (node:assert:767:25)
#       at async TestContext.<anonymous> (/home/ubuntu/workspace/crawlsystem-business/apps/execution-worker/test/activities.test.ts:37:3)
#       at async Test.run (node:internal/test_runner/test:1054:7)
#       at async Test.processPendingSubtests (node:internal/test_runner/test:744:7) {
#     cause: undefined,
#     failure: undefined,
#     type: 'STALE_EXECUTION',
#     nonRetryable: true,
#     details: [ [Object] ],
#     nextRetryDelay: undefined,
#     category: undefined
#   },
#   durationMs: 3
# }
# 2026-09-24T03:45:29.690Z [WARN] Activity failed {
#   sdkComponent: 'worker',
#   isLocal: false,
#   attempt: 1,
#   namespace: 'test',
#   taskToken: 'dGVzdA==',
#   activityId: 'test',
#   activityType: 'unknown',
#   taskQueue: 'test',
#   workflowId: 'test',
#   workflowRunId: '00000000-0000-0000-0000-000000000000',
#   workflowType: 'test',
#   error: ApplicationFailure: Execution SUBMISSION: UNAVAILABLE
#       at Function.create (/home/ubuntu/workspace/crawlsystem-business/node_modules/@temporalio/common/src/failure.ts:228:12)
#       at activity (/home/ubuntu/workspace/crawlsystem-business/apps/execution-worker/src/activities.ts:50:32)
#       at async Activity.execute (/home/ubuntu/workspace/crawlsystem-business/node_modules/@temporalio/worker/src/activity.ts:145:14)
#       at async waitForActual (node:assert:644:5)
#       at async Function.rejects (node:assert:767:25)
#       at async TestContext.<anonymous> (/home/ubuntu/workspace/crawlsystem-business/apps/execution-worker/test/activities.test.ts:49:3)
#       at async Test.run (node:internal/test_runner/test:1054:7)
#       at async Test.processPendingSubtests (node:internal/test_runner/test:744:7) {
#     cause: undefined,
#     failure: undefined,
#     type: 'UNAVAILABLE',
#     nonRetryable: false,
#     details: [ [Object] ],
#     nextRetryDelay: undefined,
#     category: undefined
#   },
#   durationMs: 5
# }
# Subtest: SDK Activity executes shared fixture and duplicate attempt returns Store result
ok 13 - SDK Activity executes shared fixture and duplicate attempt returns Store result
  ---
  duration_ms: 78.02022
  type: 'test'
  ...
# Subtest: required AGENT remains WAITING with no fabricated submission
ok 14 - required AGENT remains WAITING with no fabricated submission
  ---
  duration_ms: 16.080849
  type: 'test'
  ...
# Subtest: cancelled late write is non-retryable and cannot override Store cancellation
ok 15 - cancelled late write is non-retryable and cannot override Store cancellation
  ---
  duration_ms: 11.296884
  type: 'test'
  ...
# Subtest: frozen payload changes and active stale epoch fail verification
ok 16 - frozen payload changes and active stale epoch fail verification
  ---
  duration_ms: 2.37315
  type: 'test'
  ...
# Subtest: transient Ingest failure is classified and correlated without resetting input
ok 17 - transient Ingest failure is classified and correlated without resetting input
  ---
  duration_ms: 19.6239
  type: 'test'
  ...
# Subtest: Worker rejects backend credentials and unbounded resource configuration
ok 18 - Worker rejects backend credentials and unbounded resource configuration
  ---
  duration_ms: 4.106033
  type: 'test'
  ...
# Subtest: remote transport requires TLS and origin URLs reject embedded credentials
ok 19 - remote transport requires TLS and origin URLs reject embedded credentials
  ---
  duration_ms: 0.543785
  type: 'test'
  ...
# Subtest: hash is independent of object key order but preserves array order
ok 20 - hash is independent of object key order but preserves array order
  ---
  duration_ms: 2.17239
  type: 'test'
  ...
# Subtest: comments preserve count, identity and disabled semantics
ok 21 - comments preserve count, identity and disabled semantics
  ---
  duration_ms: 1.165691
  type: 'test'
  ...
# Subtest: plans reject duplicate domains and caller-supplied status
ok 22 - plans reject duplicate domains and caller-supplied status
  ---
  duration_ms: 1.18709
  type: 'test'
  ...
# Subtest: lost APPLIED response is recovered without posting a second submission
ok 23 - lost APPLIED response is recovered without posting a second submission
  ---
  duration_ms: 69.255618
  type: 'test'
  ...
# Subtest: unavailable receipt lookup is not absence and prevents new writes
ok 24 - unavailable receipt lookup is not absence and prevents new writes
  ---
  duration_ms: 204.085438
  type: 'test'
  ...
# Subtest: Ingest unavailable has at most two POST attempts; authorization has one
ok 25 - Ingest unavailable has at most two POST attempts; authorization has one
  ---
  duration_ms: 6.61112
  type: 'test'
  ...
# Subtest: deadline and cancellation prevent new requests
ok 26 - deadline and cancellation prevent new requests
  ---
  duration_ms: 2.037084
  type: 'test'
  ...
# Subtest: receipt content identity must match the original submission
ok 27 - receipt content identity must match the original submission
  ---
  duration_ms: 2.945841
  type: 'test'
  ...
# Subtest: invalid or oversized response is rejected and native diagnostics are redacted
ok 28 - invalid or oversized response is rejected and native diagnostics are redacted
  ---
  duration_ms: 5.283205
  type: 'test'
  ...
# Subtest: duplicate open or closed execution returns original run only after identity verification
ok 29 - duplicate open or closed execution returns original run only after identity verification
  ---
  duration_ms: 8.924905
  type: 'test'
  ...
# Subtest: same-name wrong input and wrong type are rejected
ok 30 - same-name wrong input and wrong type are rejected
  ---
  duration_ms: 2.133293
  type: 'test'
  ...
# Subtest: invalid ID is rejected before start, absent cancel remains unacknowledged
ok 31 - invalid ID is rejected before start, absent cancel remains unacknowledged
  ---
  duration_ms: 1.747713
  type: 'test'
  ...
# Subtest: cancel accepts all workspace IDs allowed by the shared contract
ok 32 - cancel accepts all workspace IDs allowed by the shared contract
  ---
  duration_ms: 1.006778
  type: 'test'
  ...
# Subtest: HTTP carries W3C context through success and failure without logging secrets
ok 33 - HTTP carries W3C context through success and failure without logging secrets
  ---
  duration_ms: 124.873488
  type: 'test'
  ...
# Subtest: invalid parents are replaced and simultaneous requests keep independent trace identities
ok 34 - invalid parents are replaced and simultaneous requests keep independent trace identities
  ---
  duration_ms: 14.951685
  type: 'test'
  ...
1..34
# tests 34
# suites 0
# pass 34
# fail 0
# cancelled 0
# skipped 0
# todo 0
# duration_ms 8203.968197
